Test Node
